22:23:48 **** Incremental Build of configuration Debug for project UltraTimer_Demo ****
make -j12 all 
arm-none-eabi-gcc "../Core/Src/main.c" -mcpu=cortex-m0 -std=gnu11 -g3 -DDEBUG -DUSE_HAL_DRIVER -DSTM32F030x6 -c -I../Core/Inc -I../Drivers/STM32F0xx_HAL_Driver/Inc -I../Drivers/STM32F0xx_HAL_Driver/Inc/Legacy -I../Drivers/CMSIS/Device/ST/STM32F0xx/Include -I../Drivers/CMSIS/Include -O0 -ffunction-sections -fdata-sections -Wall -fstack-usage -fcyclomatic-complexity -MMD -MP -MF"Core/Src/main.d" -MT"Core/Src/main.o" --specs=nano.specs -mfloat-abi=soft -mthumb -o "Core/Src/main.o"
In file included from ../Core/Inc/stm32f0xx_hal_conf.h:281,
                 from ../Drivers/STM32F0xx_HAL_Driver/Inc/stm32f0xx_hal.h:29,
                 from ../Core/Inc/main.h:30,
                 from ../Core/Src/main.c:20:
../Core/Src/main.c: In function 'main':
../Core/Src/main.c:139:51: warning: implicit declaration of function 'presForFrequency' [-Wimplicit-function-declaration]
  139 |                   __HAL_TIM_SET_PRESCALER(&htim3, presForFrequency(900));
      |                                                   ^~~~~~~~~~~~~~~~
../Drivers/STM32F0xx_HAL_Driver/Inc/stm32f0xx_hal_tim.h:1275:94: note: in definition of macro '__HAL_TIM_SET_PRESCALER'
 1275 | #define __HAL_TIM_SET_PRESCALER(__HANDLE__, __PRESC__)       ((__HANDLE__)->Instance->PSC = (__PRESC__))
      |                                                                                              ^~~~~~~~~
arm-none-eabi-gcc -o "UltraTimer_Demo.elf" @"objects.list"   -mcpu=cortex-m0 -T"D:\GIT\UltraTimer\STM32_code\UltraTimer_Demo\STM32F030K6TX_FLASH.ld" --specs=nosys.specs -Wl,-Map="UltraTimer_Demo.map" -Wl,--gc-sections -static --specs=nano.specs -mfloat-abi=soft -mthumb -Wl,--start-group -lc -lm -Wl,--end-group
Finished building target: UltraTimer_Demo.elf
 
arm-none-eabi-size  UltraTimer_Demo.elf 
arm-none-eabi-objdump -h -S UltraTimer_Demo.elf  > "UltraTimer_Demo.list"
   text	   data	    bss	    dec	    hex	filename
  11220	     16	   1720	  12956	   329c	UltraTimer_Demo.elf
Finished building: default.size.stdout
 
Finished building: UltraTimer_Demo.list
 
22:23:58 **** Incremental Build of configuration Debug for project UltraTimer_Demo ****
make -j12 all 
arm-none-eabi-size  UltraTimer_Demo.elf 
   text	   data	    bss	    dec	    hex	filename
  11220	     16	   1720	  12956	   329c	UltraTimer_Demo.elf
Finished building: default.size.stdout
 
