21:01:47 **** Incremental Build of configuration Debug for project UltraTimer_Demo ****
make -j12 all 
arm-none-eabi-gcc "../Core/Src/main.c" -mcpu=cortex-m0 -std=gnu11 -g3 -DDEBUG -DUSE_HAL_DRIVER -DSTM32F030x6 -c -I../Core/Inc -I../Drivers/STM32F0xx_HAL_Driver/Inc -I../Drivers/STM32F0xx_HAL_Driver/Inc/Legacy -I../Drivers/CMSIS/Device/ST/STM32F0xx/Include -I../Drivers/CMSIS/Include -O0 -ffunction-sections -fdata-sections -Wall -fstack-usage -fcyclomatic-complexity -MMD -MP -MF"Core/Src/main.d" -MT"Core/Src/main.o" --specs=nano.specs -mfloat-abi=soft -mthumb -o "Core/Src/main.o"
arm-none-eabi-gcc -o "UltraTimer_Demo.elf" @"objects.list"   -mcpu=cortex-m0 -T"D:\GIT\UltraTimer\STM32_code\UltraTimer_Demo\STM32F030K6TX_FLASH.ld" --specs=nosys.specs -Wl,-Map="UltraTimer_Demo.map" -Wl,--gc-sections -static --specs=nano.specs -mfloat-abi=soft -mthumb -Wl,--start-group -lc -lm -Wl,--end-group
Finished building target: UltraTimer_Demo.elf
 
arm-none-eabi-size  UltraTimer_Demo.elf 
arm-none-eabi-objdump -h -S UltraTimer_Demo.elf  > "UltraTimer_Demo.list"
   text	   data	    bss	    dec	    hex	filename
  10200	     16	   1712	  11928	   2e98	UltraTimer_Demo.elf
Finished building: default.size.stdout
 
Finished building: UltraTimer_Demo.list
 

21:01:48 Build Finished. 0 errors, 0 warnings. (took 912ms)

