../Core/Src/main.c:68:5:main	8	static
../Core/Src/main.c:167:6:SystemClock_Config	80	static
../Core/Src/main.c:203:13:MX_TIM1_Init	32	static
../Core/Src/main.c:249:13:MX_TIM3_Init	64	static
../Core/Src/main.c:308:13:MX_GPIO_Init	48	static
../Core/Src/main.c:371:5:presForFrequency	16	static
../Core/Src/main.c:377:6:HAL_GPIO_EXTI_Callback	16	static,ignoring_inline_asm
../Core/Src/main.c:396:6:HAL_TIM_PeriodElapsedCallback	16	static
../Core/Src/main.c:425:6:Error_Handler	8	static,ignoring_inline_asm
