../Core/Src/main.c:68:5:main	16	static
../Core/Src/main.c:165:6:SystemClock_Config	80	static
../Core/Src/main.c:201:13:MX_TIM1_Init	32	static
../Core/Src/main.c:247:13:MX_TIM3_Init	64	static
../Core/Src/main.c:306:13:MX_GPIO_Init	48	static
../Core/Src/main.c:369:5:presForFrequency	16	static
../Core/Src/main.c:375:6:HAL_GPIO_EXTI_Callback	16	static,ignoring_inline_asm
../Core/Src/main.c:394:6:HAL_TIM_PeriodElapsedCallback	16	static
../Core/Src/main.c:413:6:DisplayNumber	16	static
../Core/Src/main.c:525:6:Error_Handler	8	static,ignoring_inline_asm
